Last login: Fri Jul 22 01:55:07 on ttys001

The default interactive shell is now zsh.
To update your account to use zsh, please run `chsh -s /bin/zsh`.
For more details, please visit https://support.apple.com/kb/HT208050.
Kirtis-MacBook-Air:~ kirtiambre$ cd /Users/kirtiambre/Desktop/Calculator 
Kirtis-MacBook-Air:Calculator kirtiambre$ git config --global user.name Sumit
Kirtis-MacBook-Air:Calculator kirtiambre$ git config --global user.email "sumitambre95@gmail.com"
Kirtis-MacBook-Air:Calculator kirtiambre$ touch .gitignore
Kirtis-MacBook-Air:Calculator kirtiambre$ git init
hint: Using 'master' as the name for the initial branch. This default branch name
hint: is subject to change. To configure the initial branch name to use in all
hint: of your new repositories, which will suppress this warning, call:
hint: 
hint: 	git config --global init.defaultBranch <name>
hint: 
hint: Names commonly chosen instead of 'master' are 'main', 'trunk' and
hint: 'development'. The just-created branch can be renamed via this command:
hint: 
hint: 	git branch -m <name>
Initialized empty Git repository in /Users/kirtiambre/Desktop/Calculator/.git/
Kirtis-MacBook-Air:Calculator kirtiambre$ git add .
Kirtis-MacBook-Air:Calculator kirtiambre$ git commit -m "Initial commit"
[master (root-commit) 1728a31] Initial commit
 4 files changed, 77 insertions(+)
 create mode 100644 .DS_Store
 create mode 100644 .gitignore
 create mode 100644 Calci.class
 create mode 100644 Calci.java
Kirtis-MacBook-Air:Calculator kirtiambre$ git status
On branch master
nothing to commit, working tree clean
Kirtis-MacBook-Air:Calculator kirtiambre$ git remote add origin git@github.com:Sumit1995K/Calculator.git
Kirtis-MacBook-Air:Calculator kirtiambre$ ssh-keygen -t ed25519 -C "sumitambre95@gmail.com"
Generating public/private ed25519 key pair.
Enter file in which to save the key (/Users/kirtiambre/.ssh/id_ed25519): 
Created directory '/Users/kirtiambre/.ssh'.
Enter passphrase (empty for no passphrase): 
Enter same passphrase again: 
Your identification has been saved in /Users/kirtiambre/.ssh/id_ed25519
Your public key has been saved in /Users/kirtiambre/.ssh/id_ed25519.pub
The key fingerprint is:
SHA256:h3eKlnChlG7FVWbSVsJKfSd20k8tO+aixeZWRgbbW3E sumitambre95@gmail.com
The key's randomart image is:
+--[ED25519 256]--+
|          o==....|
|       o ..+*.*.E|
|      o +. o * O+|
|     o o o. . B o|
|      = S o..= + |
|     . o = o= =  |
|        + .= +   |
|       .  . o    |
|           .     |
+----[SHA256]-----+
Kirtis-MacBook-Air:Calculator kirtiambre$ cat /Users/kirtiambre/.ssh/id_ed25519.pub
ssh-ed25519 AAAAC3NzaC1lZDI1NTE5AAAAIIQGBx7fgQ7uIDLVY6VkiLXL/P7rA5mxc1G+ZmUqkv4n sumitambre95@gmail.com
Kirtis-MacBook-Air:Calculator kirtiambre$ git push origin master
The authenticity of host 'github.com (13.234.210.38)' can't be established.
ED25519 key fingerprint is SHA256:+DiY3wvvV6TuJJhbpZisF/zLDA0zPMSvHdkr4UvCOqU.
This key is not known by any other names
Are you sure you want to continue connecting (yes/no/[fingerprint])? yes
Warning: Permanently added 'github.com' (ED25519) to the list of known hosts.
Enumerating objects: 6, done.
Counting objects: 100% (6/6), done.
Delta compression using up to 4 threads
Compressing objects: 100% (5/5), done.
Writing objects: 100% (6/6), 1.87 KiB | 1.87 MiB/s, done.
Total 6 (delta 0), reused 0 (delta 0), pack-reused 0
To github.com:Sumit1995K/Calculator.git
 * [new branch]      master -> master
Kirtis-MacBook-Air:Calculator kirtiambre$ 





https://github.com/Sumit1995K/Calculator
